com\raeden\ors_to_do\Launcher.class
com\raeden\ors_to_do\modules\SettingsModuleFX.class
com\raeden\ors_to_do\modules\TaskModuleFX$2.class
com\raeden\ors_to_do\TaskTrackerFXApp$1.class
com\raeden\ors_to_do\modules\TaskModuleFX.class
com\raeden\ors_to_do\modules\TaskModuleFX$3.class
com\raeden\ors_to_do\dependencies\AppStats$DailyTemplate.class
com\raeden\ors_to_do\modules\FocusHubModuleFX$1.class
com\raeden\ors_to_do\TaskTrackerFXApp.class
com\raeden\ors_to_do\modules\FocusHubModuleFX.class
com\raeden\ors_to_do\dependencies\TaskItem$OriginModule.class
com\raeden\ors_to_do\dependencies\StorageManager.class
com\raeden\ors_to_do\dependencies\TaskItem$SubTask.class
com\raeden\ors_to_do\modules\TaskModuleFX$1.class
com\raeden\ors_to_do\dependencies\AppStats.class
com\raeden\ors_to_do\modules\ArchivedModuleFX.class
com\raeden\ors_to_do\modules\TaskModuleFX$4.class
com\raeden\ors_to_do\modules\FocusHubModuleFX$2.class
com\raeden\ors_to_do\modules\DailyModuleFX.class
com\raeden\ors_to_do\dependencies\TaskItem$CustomPriority.class
com\raeden\ors_to_do\dependencies\TaskItem.class
