com\raeden\ors_to_do\modules\dependencies\settings\DangerZonePanel.class
com\raeden\ors_to_do\modules\dependencies\TaskDialogs$2.class
com\raeden\ors_to_do\modules\dependencies\TaskDialogs.class
com\raeden\ors_to_do\modules\DynamicModule.class
com\raeden\ors_to_do\modules\dependencies\settings\TemplateManagerPanel$1.class
com\raeden\ors_to_do\modules\dependencies\Scratchpad.class
com\raeden\ors_to_do\modules\dependencies\AnalyticsExporter.class
com\raeden\ors_to_do\modules\FocusHubModule.class
com\raeden\ors_to_do\dependencies\StorageManager.class
com\raeden\ors_to_do\dependencies\TaskItem$SubTask.class
com\raeden\ors_to_do\modules\dependencies\DataManagementPanel.class
com\raeden\ors_to_do\modules\dependencies\settings\TemplateManagerPanel.class
com\raeden\ors_to_do\modules\dependencies\SystemTrayManager.class
com\raeden\ors_to_do\modules\dependencies\TaskCard.class
com\raeden\ors_to_do\modules\dependencies\settings\TemplateManagerPanel$2.class
com\raeden\ors_to_do\modules\dependencies\DailyRolloverManager.class
com\raeden\ors_to_do\modules\ArchivedModule.class
com\raeden\ors_to_do\modules\AnalyticsModule.class
com\raeden\ors_to_do\modules\dependencies\settings\GeneralSettingsPanel.class
com\raeden\ors_to_do\modules\dependencies\TaskDialogs$1.class
com\raeden\ors_to_do\dependencies\TaskItem$CustomPriority.class
com\raeden\ors_to_do\dependencies\TaskItem.class
com\raeden\ors_to_do\modules\dependencies\SystemTrayManager$1.class
com\raeden\ors_to_do\modules\DynamicModule$2.class
com\raeden\ors_to_do\modules\dependencies\BackupManager.class
com\raeden\ors_to_do\Launcher.class
com\raeden\ors_to_do\modules\SettingsModule.class
com\raeden\ors_to_do\modules\dependencies\settings\PriorityManagerPanel.class
com\raeden\ors_to_do\modules\dependencies\settings\SectionManagerPanel.class
com\raeden\ors_to_do\modules\dependencies\PomodoroTimer$1.class
com\raeden\ors_to_do\modules\dependencies\BackupBundle.class
com\raeden\ors_to_do\TaskTrackerApp.class
com\raeden\ors_to_do\dependencies\AppStats$DailyTemplate.class
com\raeden\ors_to_do\dependencies\TaskItem$TaskLink.class
com\raeden\ors_to_do\modules\dependencies\PomodoroTimer.class
com\raeden\ors_to_do\dependencies\TaskItem$OriginModule.class
com\raeden\ors_to_do\modules\DynamicModule$1.class
com\raeden\ors_to_do\dependencies\AppStats$SectionConfig.class
com\raeden\ors_to_do\modules\dependencies\PomodoroTimer$2.class
com\raeden\ors_to_do\dependencies\AppStats.class
com\raeden\ors_to_do\modules\SearchModule.class
