F:\3.GitHub\ORS-To-Do\src\main\java\com\raeden\ors_to_do\modules\FocusHubModule.java
F:\3.GitHub\ORS-To-Do\src\main\java\com\raeden\ors_to_do\modules\dependencies\settings\TemplateManagerPanel.java
F:\3.GitHub\ORS-To-Do\src\main\java\com\raeden\ors_to_do\modules\dependencies\AnalyticsExporter.java
F:\3.GitHub\ORS-To-Do\src\main\java\com\raeden\ors_to_do\modules\AnalyticsModule.java
F:\3.GitHub\ORS-To-Do\src\main\java\com\raeden\ors_to_do\Launcher.java
F:\3.GitHub\ORS-To-Do\src\main\java\com\raeden\ors_to_do\modules\dependencies\Scratchpad.java
F:\3.GitHub\ORS-To-Do\src\main\java\com\raeden\ors_to_do\modules\dependencies\settings\PriorityManagerPanel.java
F:\3.GitHub\ORS-To-Do\src\main\java\com\raeden\ors_to_do\modules\dependencies\PomodoroTimer.java
F:\3.GitHub\ORS-To-Do\src\main\java\com\raeden\ors_to_do\modules\dependencies\DataManagementPanel.java
F:\3.GitHub\ORS-To-Do\src\main\java\com\raeden\ors_to_do\modules\ArchivedModule.java
F:\3.GitHub\ORS-To-Do\src\main\java\com\raeden\ors_to_do\dependencies\StorageManager.java
F:\3.GitHub\ORS-To-Do\src\main\java\com\raeden\ors_to_do\modules\dependencies\BackupBundle.java
F:\3.GitHub\ORS-To-Do\src\main\java\com\raeden\ors_to_do\modules\dependencies\BackupManager.java
F:\3.GitHub\ORS-To-Do\src\main\java\com\raeden\ors_to_do\modules\dependencies\TaskCard.java
F:\3.GitHub\ORS-To-Do\src\main\java\com\raeden\ors_to_do\dependencies\TaskItem.java
F:\3.GitHub\ORS-To-Do\src\main\java\com\raeden\ors_to_do\modules\DynamicModule.java
F:\3.GitHub\ORS-To-Do\src\main\java\com\raeden\ors_to_do\modules\dependencies\TaskDialogs.java
F:\3.GitHub\ORS-To-Do\src\main\java\com\raeden\ors_to_do\modules\dependencies\settings\DangerZonePanel.java
F:\3.GitHub\ORS-To-Do\src\main\java\com\raeden\ors_to_do\modules\dependencies\settings\SectionManagerPanel.java
F:\3.GitHub\ORS-To-Do\src\main\java\com\raeden\ors_to_do\modules\dependencies\DailyRolloverManager.java
F:\3.GitHub\ORS-To-Do\src\main\java\com\raeden\ors_to_do\TaskTrackerApp.java
F:\3.GitHub\ORS-To-Do\src\main\java\com\raeden\ors_to_do\modules\dependencies\settings\GeneralSettingsPanel.java
F:\3.GitHub\ORS-To-Do\src\main\java\com\raeden\ors_to_do\dependencies\AppStats.java
F:\3.GitHub\ORS-To-Do\src\main\java\com\raeden\ors_to_do\modules\dependencies\SystemTrayManager.java
F:\3.GitHub\ORS-To-Do\src\main\java\com\raeden\ors_to_do\modules\SettingsModule.java
